2025-08-31 17:45:29 - [EVENT] SNAPSHOT_SAVED: Path=snapshots/2025-08-31_17-45-11_unloaded_ID-0_akd.jpg, TrackID=0
2025-08-31 17:45:29 - [EVENT] PRODUCT_COUNTED: Status=unloaded, Product=akd, TrackID=0, Location=انبار سنگین
2025-08-31 17:49:06 - [EVENT] SNAPSHOT_SAVED: Path=snapshots/2025-08-31_17-48-49_unloaded_ID-1_sude.jpg, TrackID=1
2025-08-31 17:49:06 - [EVENT] SNAPSHOT_SAVED: Path=snapshots/2025-08-31_17-48-49_unloaded_ID-1_sude.jpg, TrackID=1
2025-08-31 17:49:06 - [EVENT] PRODUCT_COUNTED: Status=unloaded, Product=sude, TrackID=1, Location=انبار سنگین
2025-08-31 17:49:06 - [EVENT] PRODUCT_COUNTED: Status=unloaded, Product=sude, TrackID=1, Location=انبار سنگین
2025-08-31 17:49:15 - [EVENT] SNAPSHOT_SAVED: Path=snapshots/2025-08-31_17-48-56_loaded_ID-2_sude.jpg, TrackID=2
2025-08-31 17:49:15 - [EVENT] SNAPSHOT_SAVED: Path=snapshots/2025-08-31_17-48-56_loaded_ID-2_sude.jpg, TrackID=2
2025-08-31 17:49:15 - [EVENT] PRODUCT_COUNTED: Status=loaded, Product=sude, TrackID=2, Location=انبار سنگین
2025-08-31 17:49:15 - [EVENT] PRODUCT_COUNTED: Status=loaded, Product=sude, TrackID=2, Location=انبار سنگین
2025-08-31 17:49:25 - [EVENT] SNAPSHOT_SAVED: Path=snapshots/2025-08-31_17-49-04_unloaded_ID-3_sude.jpg, TrackID=3
2025-08-31 17:49:25 - [EVENT] SNAPSHOT_SAVED: Path=snapshots/2025-08-31_17-49-04_unloaded_ID-3_sude.jpg, TrackID=3
2025-08-31 17:49:25 - [EVENT] PRODUCT_COUNTED: Status=unloaded, Product=sude, TrackID=3, Location=انبار سنگین
2025-08-31 17:49:25 - [EVENT] PRODUCT_COUNTED: Status=unloaded, Product=sude, TrackID=3, Location=انبار سنگین
2025-08-31 17:49:33 - [EVENT] SNAPSHOT_SAVED: Path=snapshots/2025-08-31_17-49-12_loaded_ID-4_sude.jpg, TrackID=4
2025-08-31 17:49:33 - [EVENT] SNAPSHOT_SAVED: Path=snapshots/2025-08-31_17-49-12_loaded_ID-4_sude.jpg, TrackID=4
2025-08-31 17:49:33 - [EVENT] PRODUCT_COUNTED: Status=loaded, Product=sude, TrackID=4, Location=انبار سنگین
2025-08-31 17:49:33 - [EVENT] PRODUCT_COUNTED: Status=loaded, Product=sude, TrackID=4, Location=انبار سنگین
2025-08-31 17:49:57 - [EVENT] SNAPSHOT_SAVED: Path=snapshots/2025-08-31_17-49-37_unloaded_ID-6_akd.jpg, TrackID=6
2025-08-31 17:49:57 - [EVENT] SNAPSHOT_SAVED: Path=snapshots/2025-08-31_17-49-37_unloaded_ID-6_akd.jpg, TrackID=6
2025-08-31 17:49:57 - [EVENT] PRODUCT_COUNTED: Status=unloaded, Product=akd, TrackID=6, Location=انبار سنگین
2025-08-31 17:49:57 - [EVENT] PRODUCT_COUNTED: Status=unloaded, Product=akd, TrackID=6, Location=انبار سنگین
2025-08-31 17:50:05 - [EVENT] SNAPSHOT_SAVED: Path=snapshots/2025-08-31_17-49-45_loaded_ID-7_akd.jpg, TrackID=7
2025-08-31 17:50:05 - [EVENT] SNAPSHOT_SAVED: Path=snapshots/2025-08-31_17-49-45_loaded_ID-7_akd.jpg, TrackID=7
2025-08-31 17:50:05 - [EVENT] PRODUCT_COUNTED: Status=loaded, Product=akd, TrackID=7, Location=انبار سنگین
2025-08-31 17:50:05 - [EVENT] PRODUCT_COUNTED: Status=loaded, Product=akd, TrackID=7, Location=انبار سنگین
2025-08-31 17:50:11 - [EVENT] SNAPSHOT_SAVED: Path=snapshots/2025-08-31_17-49-51_unloaded_ID-9_akd.jpg, TrackID=9
2025-08-31 17:50:11 - [EVENT] SNAPSHOT_SAVED: Path=snapshots/2025-08-31_17-49-51_unloaded_ID-9_akd.jpg, TrackID=9
2025-08-31 17:50:11 - [EVENT] PRODUCT_COUNTED: Status=unloaded, Product=akd, TrackID=9, Location=انبار سنگین
2025-08-31 17:50:11 - [EVENT] PRODUCT_COUNTED: Status=unloaded, Product=akd, TrackID=9, Location=انبار سنگین
2025-08-31 17:50:18 - [EVENT] SNAPSHOT_SAVED: Path=snapshots/2025-08-31_17-49-59_loaded_ID-10_akd.jpg, TrackID=10
2025-08-31 17:50:18 - [EVENT] SNAPSHOT_SAVED: Path=snapshots/2025-08-31_17-49-59_loaded_ID-10_akd.jpg, TrackID=10
2025-08-31 17:50:18 - [EVENT] PRODUCT_COUNTED: Status=loaded, Product=akd, TrackID=10, Location=انبار سنگین
2025-08-31 17:50:18 - [EVENT] PRODUCT_COUNTED: Status=loaded, Product=akd, TrackID=10, Location=انبار سنگین
